=== TOOLCHAIN ===
Flutter 3.47.0 • channel stable • https://github.com/flutter/flutter.git
Framework • revision 4cf2416426 (11 days ago) • 2026-08-11 11:53:49 -0700
Engine • hash 59d54a2b2896a6bbf356c94b7fac7b9e235bdacd (revision 5f77625673) (10 days ago) • 2026-08-11 16:38:36.000Z
Tools • Dart 3.13.0 • DevTools 2.60.0
openjdk version "17.0.20" 2026-07-21
OpenJDK Runtime Environment Temurin-17.0.20+8 (build 17.0.20+8)
OpenJDK 64-Bit Server VM Temurin-17.0.20+8 (build 17.0.20+8, mixed mode, sharing)
=== BASE SOURCE INTEGRITY ===
waqt_ci_source.zip: OK
=== APPLY V1.1 UX PATCH ===
v11_patch.zip: OK
=== APPLY QA COMPATIBILITY PATCHES ===
=== CREATE ANDROID SCAFFOLD ===
Creating project ....
Resolving dependencies...
Downloading packages...
Got dependencies.
Wrote 35 files.

All done!
You can find general documentation for Flutter at: https://docs.flutter.dev/
Detailed API documentation is available at: https://api.flutter.dev/
If you prefer video documentation, consider: https://www.youtube.com/c/flutterdev

In order to run your application, type:

  $ flutter run

Your application code is in ./lib/main.dart.

=== OVERLAY WAQT SOURCE ===
=== INSTALL WAQT APP ICON ===
=== WAQT APP ICON ===
<vector xmlns:android="http://schemas.android.com/apk/res/android"
    android:width="108dp"
    android:height="108dp"
    android:viewportWidth="108"
    android:viewportHeight="108">
    <path
        android:fillColor="#0B0818"
        android:pathData="M0,0H108V108H0Z" />
    <path
        android:fillColor="#00000000"
        android:strokeColor="#8B5CF6"
        android:strokeWidth="8"
        android:strokeLineCap="round"
        android:pathData="M54,22 A32,32 0,1 1,53.9,22" />
    <path
        android:fillColor="#A78BFA"
        android:pathData="M26,20 C30,10 42,8 47,18 C39,18 33,21 28,27 Z" />
    <path
        android:fillColor="#C4B5FD"
        android:pathData="M62,18 C68,8 80,10 84,20 L82,27 C75,21 69,18 62,18 Z" />
    <path
        android:fillColor="#FFFFFF"
        android:pathData="M50,36 C50,33 58,33 58,36 L58,56 L70,56 C73,56 73,64 70,64 L54,64 C52,64 50,62 50,60 Z" />
    <path
        android:fillColor="#34D6B6"
        android:pathData="M71,66 C75,62 81,62 85,66 L94,75 C98,79 98,85 94,89 C90,93 84,93 80,89 L71,80 C67,76 67,70 71,66 Z" />
    <path
        android:fillColor="#F1BE4A"
        android:pathData="M66,77 C70,73 76,73 80,77 L84,81 L76,89 C72,93 66,93 62,89 C58,85 58,79 62,75 Z" />
</vector>
=== GENERATE ALARM SOUNDS ===
app/android/app/src/main/res/raw/waqt_classic.wav: RIFF (little-endian) data, WAVE audio, Microsoft PCM, 16 bit, mono 44100 Hz
app/android/app/src/main/res/raw/waqt_digital.wav: RIFF (little-endian) data, WAVE audio, Microsoft PCM, 16 bit, mono 44100 Hz
app/android/app/src/main/res/raw/waqt_soft.wav:    RIFF (little-endian) data, WAVE audio, Microsoft PCM, 16 bit, mono 44100 Hz
=== PUB GET ===
Resolving dependencies...
Downloading packages...
+ args 2.7.0
+ dbus 0.7.15
+ equatable 2.1.0
+ ffi 2.2.0
< flutter_lints 5.0.0 (was 6.0.0) (6.0.0 available)
+ flutter_local_notifications 19.5.0 (22.3.0 available)
+ flutter_local_notifications_linux 6.0.0 (8.0.1 available)
+ flutter_local_notifications_platform_interface 9.1.0 (12.2.0 available)
+ flutter_local_notifications_windows 1.0.3 (3.1.1 available)
+ flutter_localizations 0.0.0 from sdk flutter
+ flutter_timezone 5.1.0
+ flutter_web_plugins 0.0.0 from sdk flutter
+ http 1.6.0
+ http_parser 4.1.2
+ intl 0.20.3
< lints 5.1.1 (was 6.1.0) (6.1.0 available)
+ logging 1.3.0
  material_color_utilities 0.13.0 (0.13.1 available)
  meta 1.18.3 (1.19.0 available)
+ nested 1.0.0
  path 1.9.1 (from transitive dependency to direct dependency)
+ petitparser 7.0.2
+ platform 3.1.6
+ plugin_platform_interface 2.1.8
+ provider 6.1.5+1
+ sensors_plus 6.1.2 (7.1.0 available)
+ sensors_plus_platform_interface 2.0.2
+ sqflite 2.4.3
+ sqflite_android 2.4.3
+ sqflite_common 2.5.11
+ sqflite_darwin 2.4.3+1
+ sqflite_platform_interface 2.4.1
+ synchronized 3.4.1+2
  test_api 0.7.12 (0.7.13 available)
+ timezone 0.10.1 (0.11.1 available)
+ typed_data 1.4.0
  vector_math 2.4.0 (2.4.2 available)
+ web 1.1.1
+ xdg_directories 1.1.0
+ xml 6.6.1 (7.0.1 available)
Changed 36 dependencies!
13 packages have newer versions incompatible with dependency constraints.
Try `flutter pub outdated` for more information.
Upgrading analysis_options.yaml to exclude build and platform directories.
=== ANALYZE ===
Analyzing app...                                                
No issues found! (ran in 9.8s)
=== TEST ===

::group::✅ Passing tests
✅ one-time alarm does not reappear after its date
✅ weekday alarm only schedules selected weekdays
✅ medication supports every 2 days with multiple daily doses
✅ task every 3 days stays anchored to start date
::endgroup::

🎉 4 tests passed.
=== RELEASE APK BUILD ===
Running Gradle task 'assembleRelease'...                        
WARNING: Your app uses the following plugins that apply Kotlin Gradle Plugin (KGP): flutter_timezone, sensors_plus
Future versions of Flutter will fail to build if your app uses plugins that apply KGP.

Please check the changelogs of these plugins and upgrade to a version that supports Built-in Kotlin.
If no such version exists, report the issue to the plugin. If necessary, here is a guide on filing
an issue against a plugin: https://docs.flutter.dev/release/breaking-changes/migrate-to-built-in-kotlin/for-app-developers#report-incompatible-kotlin-gradle-plugin-usage-to-plugin-authors

If you are a plugin author, please migrate your plugin to Built-in Kotlin using this guide: https://docs.flutter.dev/release/breaking-changes/migrate-to-built-in-kotlin/for-plugin-authors
Font asset "MaterialIcons-Regular.otf" was tree-shaken, reducing it from 1645184 to 10340 bytes (99.4% reduction). Tree-shaking can be disabled by providing the --no-tree-shake-icons flag when building your app.
Caught exception: Already watching path: /home/runner/work/daghbas_share/daghbas_share/app/android
Running Gradle task 'assembleRelease'...                          256.8s
✓ Built build/app/outputs/flutter-apk/app-release.apk (56.7MB)
=== APK SIGNATURE VERIFY ===
Verifies
Verified using v1 scheme (JAR signing): false
Verified using v2 scheme (APK Signature Scheme v2): true
Verified using v3 scheme (APK Signature Scheme v3): false
Verified using v3.1 scheme (APK Signature Scheme v3.1): false
Verified using v3.2 scheme (APK Signature Scheme v3.2): false
Verified using v4 scheme (APK Signature Scheme v4): false
Verified for SourceStamp: false
Number of signers: 1
package: name='com.waqt.alarm' versionCode='2' versionName='1.1.0' platformBuildVersionName='16' platformBuildVersionCode='36' compileSdkVersion='36' compileSdkVersionCodename='16'
sdkVersion:'24'
targetSdkVersion:'36'
uses-permission: name='android.permission.POST_NOTIFICATIONS'
uses-permission: name='android.permission.VIBRATE'
uses-permission: name='android.permission.RECEIVE_BOOT_COMPLETED'
uses-permission: name='android.permission.WAKE_LOCK'
uses-permission: name='android.permission.USE_EXACT_ALARM'
uses-permission: name='android.permission.USE_FULL_SCREEN_INTENT'
uses-permission: name='com.waqt.alarm.DYNAMIC_RECEIVER_NOT_EXPORTED_PERMISSION'
application-label:'وقت'
application-label-af:'وقت'
application-label-am:'وقت'
application-label-ar:'وقت'
application-label-as:'وقت'
application-label-az:'وقت'
application-label-be:'وقت'
application-label-bg:'وقت'
application-label-bn:'وقت'
application-label-bs:'وقت'
application-label-ca:'وقت'
application-label-cs:'وقت'
application-label-da:'وقت'
application-label-de:'وقت'
application-label-el:'وقت'
application-label-en-AU:'وقت'
application-label-en-CA:'وقت'
application-label-en-GB:'وقت'
application-label-en-IN:'وقت'
application-label-en-XC:'وقت'
application-label-es:'وقت'
application-label-es-US:'وقت'
application-label-et:'وقت'
application-label-eu:'وقت'
application-label-fa:'وقت'
application-label-fi:'وقت'
application-label-fr:'وقت'
application-label-fr-CA:'وقت'
application-label-gl:'وقت'
application-label-gu:'وقت'
application-label-hi:'وقت'
application-label-hr:'وقت'
application-label-hu:'وقت'
application-label-hy:'وقت'
application-label-in:'وقت'
application-label-is:'وقت'
application-label-it:'وقت'
application-label-iw:'وقت'
application-label-ja:'وقت'
application-label-ka:'وقت'
application-label-kk:'وقت'
application-label-km:'وقت'
application-label-kn:'وقت'
application-label-ko:'وقت'
application-label-ky:'وقت'
application-label-lo:'وقت'
application-label-lt:'وقت'
application-label-lv:'وقت'
application-label-mk:'وقت'
application-label-ml:'وقت'
application-label-mn:'وقت'
application-label-mr:'وقت'
application-label-ms:'وقت'
application-label-my:'وقت'
application-label-nb:'وقت'
application-label-ne:'وقت'
application-label-nl:'وقت'
application-label-or:'وقت'
application-label-pa:'وقت'
application-label-pl:'وقت'
application-label-pt:'وقت'
application-label-pt-BR:'وقت'
application-label-pt-PT:'وقت'
application-label-ro:'وقت'
application-label-ru:'وقت'
application-label-si:'وقت'
application-label-sk:'وقت'
application-label-sl:'وقت'
application-label-sq:'وقت'
application-label-sr:'وقت'
application-label-sr-Latn:'وقت'
application-label-sv:'وقت'
application-label-sw:'وقت'
application-label-ta:'وقت'
application-label-te:'وقت'
application-label-th:'وقت'
application-label-tl:'وقت'
application-label-tr:'وقت'
application-label-uk:'وقت'
application-label-ur:'وقت'
application-label-uz:'وقت'
application-label-vi:'وقت'
application-label-zh-CN:'وقت'
application-label-zh-HK:'وقت'
application-label-zh-TW:'وقت'
application-label-zu:'وقت'
application-icon-120:'res/E4.xml'
application-icon-160:'res/E4.xml'
application-icon-240:'res/E4.xml'
application-icon-320:'res/E4.xml'
application-icon-480:'res/E4.xml'
application-icon-640:'res/E4.xml'
application-icon-65534:'res/E4.xml'
application: label='وقت' icon='res/E4.xml'
launchable-activity: name='com.waqt.alarm.MainActivity'  label='' icon=''
uses-library-not-required:'androidx.window.extensions'
uses-library-not-required:'androidx.window.sidecar'
feature-group: label=''
  uses-feature: name='android.hardware.faketouch'
  uses-implied-feature: name='android.hardware.faketouch' reason='default feature for all apps'
main
other-receivers
supports-screens: 'small' 'normal' 'large' 'xlarge'
supports-any-density: 'true'
locales: '--_--' 'af' 'am' 'ar' 'as' 'az' 'be' 'bg' 'bn' 'bs' 'ca' 'cs' 'da' 'de' 'el' 'en-AU' 'en-CA' 'en-GB' 'en-IN' 'en-XC' 'es' 'es-US' 'et' 'eu' 'fa' 'fi' 'fr' 'fr-CA' 'gl' 'gu' 'hi' 'hr' 'hu' 'hy' 'in' 'is' 'it' 'iw' 'ja' 'ka' 'kk' 'km' 'kn' 'ko' 'ky' 'lo' 'lt' 'lv' 'mk' 'ml' 'mn' 'mr' 'ms' 'my' 'nb' 'ne' 'nl' 'or' 'pa' 'pl' 'pt' 'pt-BR' 'pt-PT' 'ro' 'ru' 'si' 'sk' 'sl' 'sq' 'sr' 'sr-Latn' 'sv' 'sw' 'ta' 'te' 'th' 'tl' 'tr' 'uk' 'ur' 'uz' 'vi' 'zh-CN' 'zh-HK' 'zh-TW' 'zu'
densities: '120' '160' '240' '320' '480' '640' '65534'
native-code: 'arm64-v8a' 'armeabi-v7a' 'x86_64'
763bd1edf71d81d780e5242c56223da8f2d4d6dd3df70f2e40ac3092a334e895  ci-output/WAQT-Advanced-Alarm-v1.1.apk
