=== TOOLCHAIN ===
Flutter 3.47.0 • channel stable • https://github.com/flutter/flutter.git
Framework • revision 4cf2416426 (3 weeks ago) • 2026-08-11 11:53:49 -0700
Engine • hash 59d54a2b2896a6bbf356c94b7fac7b9e235bdacd (revision 5f77625673) (22 days ago) • 2026-08-11 16:38:36.000Z
Tools • Dart 3.13.0 • DevTools 2.60.0
openjdk version "17.0.20.1" 2026-08-18
OpenJDK Runtime Environment Temurin-17.0.20.1+1 (build 17.0.20.1+1)
OpenJDK 64-Bit Server VM Temurin-17.0.20.1+1 (build 17.0.20.1+1, mixed mode, sharing)
=== SOURCE INTEGRITY ===
alarmonly_source.zip: OK
Archive:  alarmonly_source.zip
    testing: lib/                     OK
    testing: lib/state/               OK
    testing: lib/state/app_state.dart   OK
    testing: lib/screens/             OK
    testing: lib/screens/alarms/      OK
    testing: lib/screens/alarms/alarms_screen.dart   OK
    testing: lib/screens/alarms/alarm_editor_screen.dart   OK
    testing: lib/screens/shell_screen.dart   OK
    testing: lib/screens/alarm_ring_screen.dart   OK
    testing: lib/services/            OK
    testing: lib/services/notification_service.dart   OK
    testing: lib/services/schedule_calculator.dart   OK
    testing: lib/data/                OK
    testing: lib/data/app_database.dart   OK
    testing: lib/models/              OK
    testing: lib/models/alarm.dart    OK
    testing: lib/app.dart             OK
    testing: lib/widgets/             OK
    testing: lib/widgets/glass_card.dart   OK
    testing: lib/widgets/weekday_selector.dart   OK
    testing: lib/widgets/section_title.dart   OK
    testing: lib/core/                OK
    testing: lib/core/utils/          OK
    testing: lib/core/utils/time_utils.dart   OK
    testing: lib/core/theme/          OK
    testing: lib/core/theme/app_colors.dart   OK
    testing: lib/core/theme/app_theme.dart   OK
    testing: lib/main.dart            OK
    testing: test/                    OK
    testing: test/schedule_calculator_test.dart   OK
    testing: pubspec.yaml             OK
    testing: analysis_options.yaml    OK
    testing: android/app/src/main/AndroidManifest.xml   OK
    testing: android/app/src/main/res/drawable/ic_stat_alarm.xml   OK
    testing: android/app/src/main/res/mipmap-xxxhdpi/ic_launcher.png   OK
No errors detected in compressed data of alarmonly_source.zip.
=== CREATE CURRENT FLUTTER ANDROID SCAFFOLD ===
Creating project alarmonly_app...
Resolving dependencies in `alarmonly_app`...
Downloading packages...
Got dependencies in `alarmonly_app`.
Wrote 35 files.

All done!
You can find general documentation for Flutter at: https://docs.flutter.dev/
Detailed API documentation is available at: https://api.flutter.dev/
If you prefer video documentation, consider: https://www.youtube.com/c/flutterdev

In order to run your application, type:

  $ cd alarmonly_app
  $ flutter run

Your application code is in alarmonly_app/lib/main.dart.

=== OVERLAY ALARM-ONLY SOURCE ===
=== VERIFY ALARM-ONLY SCOPE ===
Resolving dependencies...
Downloading packages...
+ args 2.7.0
+ dbus 0.7.15
+ equatable 2.1.0
+ ffi 2.2.0
< flutter_lints 5.0.0 (was 6.0.0) (6.0.0 available)
+ flutter_local_notifications 19.5.0 (22.3.0 available)
+ flutter_local_notifications_linux 6.0.0 (8.0.1 available)
+ flutter_local_notifications_platform_interface 9.1.0 (12.2.0 available)
+ flutter_local_notifications_windows 1.0.3 (3.1.1 available)
+ flutter_localizations 0.0.0 from sdk flutter
+ flutter_timezone 5.1.0
+ flutter_web_plugins 0.0.0 from sdk flutter
+ http 1.6.0
+ http_parser 4.1.2
+ intl 0.20.3
< lints 5.1.1 (was 6.1.0) (6.1.0 available)
  material_color_utilities 0.13.0 (0.13.1 available)
  meta 1.18.3 (1.19.0 available)
+ nested 1.0.0
  path 1.9.1 (from transitive dependency to direct dependency)
+ petitparser 7.0.2
+ platform 3.1.6
+ plugin_platform_interface 2.1.8
+ provider 6.1.5+1
+ sqflite 2.4.3
+ sqflite_android 2.4.3
+ sqflite_common 2.5.11
+ sqflite_darwin 2.4.3+1
+ sqflite_platform_interface 2.4.1
+ synchronized 3.4.1+2
  test_api 0.7.12 (0.7.13 available)
+ timezone 0.10.1 (0.11.1 available)
+ typed_data 1.4.0
  vector_math 2.4.0 (2.4.2 available)
+ web 1.1.1
+ xdg_directories 1.1.0
+ xml 6.6.1 (7.0.1 available)
Changed 33 dependencies!
12 packages have newer versions incompatible with dependency constraints.
Try `flutter pub outdated` for more information.
Upgrading analysis_options.yaml to exclude build and platform directories.
=== ANALYZE ===
Analyzing alarmonly_app...                                      

   info • 'groupValue' is deprecated and shouldn't be used. Use a RadioGroup ancestor to manage group value instead. This feature was deprecated after v3.32.0-0.0.pre. Try replacing the use of the deprecated member with the replacement • lib/screens/alarms/alarm_editor_screen.dart:212:35 • deprecated_member_use
   info • 'onChanged' is deprecated and shouldn't be used. Use RadioGroup to handle value change instead. This feature was deprecated after v3.32.0-0.0.pre. Try replacing the use of the deprecated member with the replacement • lib/screens/alarms/alarm_editor_screen.dart:214:35 • deprecated_member_use

2 issues found. (ran in 9.8s)
=== TEST ===

::group::✅ Passing tests
✅ one-time alarm schedules the next occurrence only
✅ weekday alarm only schedules selected weekdays
::endgroup::

🎉 2 tests passed.
=== RELEASE APK ===
Running Gradle task 'assembleRelease'...                        
WARNING: Your app uses the following plugins that apply Kotlin Gradle Plugin (KGP): flutter_timezone
Future versions of Flutter will fail to build if your app uses plugins that apply KGP.

Please check the changelogs of these plugins and upgrade to a version that supports Built-in Kotlin.
If no such version exists, report the issue to the plugin. If necessary, here is a guide on filing
an issue against a plugin: https://docs.flutter.dev/release/breaking-changes/migrate-to-built-in-kotlin/for-app-developers#report-incompatible-kotlin-gradle-plugin-usage-to-plugin-authors

If you are a plugin author, please migrate your plugin to Built-in Kotlin using this guide: https://docs.flutter.dev/release/breaking-changes/migrate-to-built-in-kotlin/for-plugin-authors
Font asset "MaterialIcons-Regular.otf" was tree-shaken, reducing it from 1645184 to 3212 bytes (99.8% reduction). Tree-shaking can be disabled by providing the --no-tree-shake-icons flag when building your app.
Caught exception: Already watching path: /home/runner/work/daghbas_share/daghbas_share/alarmonly_app/android
Running Gradle task 'assembleRelease'...                          226.8s
✓ Built build/app/outputs/flutter-apk/app-release.apk (54.3MB)
Verifies
Verified using v1 scheme (JAR signing): false
Verified using v2 scheme (APK Signature Scheme v2): true
Verified using v3 scheme (APK Signature Scheme v3): false
Verified using v3.1 scheme (APK Signature Scheme v3.1): false
Verified using v3.2 scheme (APK Signature Scheme v3.2): false
Verified using v4 scheme (APK Signature Scheme v4): false
Verified for SourceStamp: false
Number of signers: 1
V2 Signer: certificate DN: C=US, O=Android, CN=Android Debug
V2 Signer: certificate SHA-256 digest: 08d373363ae8d62cc2244b8fdd1bc5370c0e25f70cbc6f31247c098235c2c438
V2 Signer: certificate SHA-1 digest: a5294f8335dfb9a8635635472d3675862b66ae47
V2 Signer: certificate MD5 digest: 1358a8858b2e234c7aa74fefdaea6489
V2 Signer: key algorithm: RSA
V2 Signer: key size (bits): 2048
V2 Signer: public key SHA-256 digest: c520e5d37752702047ba024e9ed09d8ec2c8098aa12ea1898fc303a83878df24
V2 Signer: public key SHA-1 digest: 08ad053081ae3fb65b7f7ffa236b8d42d53e1da5
V2 Signer: public key MD5 digest: dfeaebd4f4c0f98e395a269adef0aee7
package: name='com.waqt.alarm' versionCode='4' versionName='2.0.0' platformBuildVersionName='16' platformBuildVersionCode='36' compileSdkVersion='36' compileSdkVersionCodename='16'
sdkVersion:'24'
targetSdkVersion:'36'
uses-permission: name='android.permission.POST_NOTIFICATIONS'
uses-permission: name='android.permission.VIBRATE'
  % Total    % Received % Xferd  Average Speed   Time    Time     Time  Current
                                 Dload  Upload   Total   Spent    Left  Speed
  0     0    0     0    0     0      0      0 --:--:-- --:--:-- --:--:--     0  0     0    0     0    0     0      0      0 --:--:-- --:--:-- --:--:--     0100 54.1M  100 54.1M    0     0  58.2M      0 --:--:-- --:--:-- --:--:-- 58.1M
V2 Signer: certificate DN: C=US, O=Android, CN=Android Debug
V2 Signer: certificate SHA-256 digest: 27cb08dfe4d332d2e21288ca77b27d9b48db5ed50b1721617c355f8556124a2f
V2 Signer: certificate SHA-1 digest: f41c335946cbcb7707dcdf2e722d2daf6775d2da
V2 Signer: certificate MD5 digest: 061c2975577a22d80a33136c907e6a49
